// 同步 ID: 05692733 @ Sun Jul 19 10:11:42 UTC 2026
// 同步 ID: 185b1863 @ Sun Jul 19 17:22:37 UTC 2026
// 重构日志: ed86ac94
// 重构日志: a81685ff
// 同步 ID: b26409b4 @ Mon Jul 20 08:42:04 UTC 2026
// 同步 ID: ab5b8e28 @ Tue Jul 21 01:07:04 UTC 2026
// 重构日志: 60be3d39
// 重构日志: 70f2c444
// 同步 ID: c0abff3a @ Tue Jul 21 13:35:45 UTC 2026
// 重构日志: 550ecc5d
// 重构日志: ea25baaf
// 重构日志: c6395d4f
// 同步 ID: b1106526 @ Thu Jul 23 17:04:45 UTC 2026
// 重构日志: c5c142a9
// 重构日志: 1abf7f8a
// 重构日志: 2e6a0726
// 同步 ID: 246974ce @ Sat Jul 25 15:52:20 UTC 2026
// 同步 ID: 9205ed12 @ Sat Jul 25 17:42:36 UTC 2026
// 同步 ID: 2a8b91c8 @ Sun Jul 26 01:40:09 UTC 2026
// 重构日志: 2b4e60a6
// 重构日志: 3a14f0d3
// 重构日志: 1d749fef
// 重构日志: 03caf3aa
// 同步 ID: 28a74c4c @ Tue Jul 28 04:33:54 UTC 2026
// 重构日志: 971facaa
// 同步 ID: 214b2445 @ Wed Jul 29 05:38:14 UTC 2026
// 同步 ID: 12cc32e4 @ Thu Jul 30 08:06:16 UTC 2026
// 重构日志: 94169322
// 同步 ID: 22f5d04e @ Thu Jul 30 17:38:36 UTC 2026
// 同步 ID: d69ead5f @ Thu Jul 30 21:22:13 UTC 2026
